Note: Starting dynamic gmin stepping
Note: Dynamic gmin stepping completed
Note: Starting dynamic gmin stepping
Note: Dynamic gmin stepping completed
Note: Starting dynamic gmin stepping
Note: Dynamic gmin stepping completed

Note: No compatibility mode selected!


Circuit: * zoom stage as on the carrier board (lm324 b): difference amplifier on the

Reset re-loads circuit * zoom stage as on the carrier board (lm324 b): difference amplifier on the

Circuit: * zoom stage as on the carrier board (lm324 b): difference amplifier on the

Doing analysis at TEMP = 27.000000 and TNOM = 27.000000

Using SPARSE 1.3 as Direct Linear Solver

No. of Data Rows : 67
Reset re-loads circuit * zoom stage as on the carrier board (lm324 b): difference amplifier on the

Circuit: * zoom stage as on the carrier board (lm324 b): difference amplifier on the

Doing analysis at TEMP = 27.000000 and TNOM = 27.000000

Using SPARSE 1.3 as Direct Linear Solver

No. of Data Rows : 67
Reset re-loads circuit * zoom stage as on the carrier board (lm324 b): difference amplifier on the

Circuit: * zoom stage as on the carrier board (lm324 b): difference amplifier on the

Doing analysis at TEMP = 27.000000 and TNOM = 27.000000

Using SPARSE 1.3 as Direct Linear Solver

No. of Data Rows : 67
Note: Simulation executed from .control section 
